[0m[1mazurerm_resource_group.hub: Creating...[0m[0m
[0m[1mazurerm_resource_group.workload: Creating...[0m[0m
[0m[1mazurerm_resource_group.hub: Still creating... [00m10s elapsed][0m[0m
[0m[1mazurerm_resource_group.workload: Still creating... [00m10s elapsed][0m[0m
[0m[1mazurerm_resource_group.hub: Still creating... [00m20s elapsed][0m[0m
[0m[1mazurerm_resource_group.workload: Still creating... [00m20s elapsed][0m[0m
[0m[1mazurerm_resource_group.hub: Still creating... [00m30s elapsed][0m[0m
[0m[1mazurerm_resource_group.workload: Still creating... [00m30s elapsed][0m[0m
[0m[1mazurerm_resource_group.workload: Creation complete after 32s [id=/subscriptions/007f1043-7645-4c1a-8207-a8aab5859b41/resourceGroups/acg-validation-workload-rg][0m
[0m[1mazurerm_user_assigned_identity.workload: Creating...[0m[0m
[0m[1mazurerm_network_security_group.aks: Creating...[0m[0m
[0m[1mazurerm_key_vault.platform: Creating...[0m[0m
[0m[1mazurerm_container_registry.platform: Creating...[0m[0m
[0m[1mazurerm_private_dns_zone.key_vault: Creating...[0m[0m
[0m[1mazurerm_virtual_network.spoke: Creating...[0m[0m
[0m[1mazurerm_log_analytics_workspace.platform: Creating...[0m[0m
[0m[1mazurerm_resource_group.hub: Creation complete after 33s [id=/subscriptions/007f1043-7645-4c1a-8207-a8aab5859b41/resourceGroups/acg-validation-hub-rg][0m
[0m[1mazurerm_virtual_network.hub: Creating...[0m[0m
[0m[1mazurerm_user_assigned_identity.workload: Still creating... [00m10s elapsed][0m[0m
[0m[1mazurerm_network_security_group.aks: Still creating... [00m10s elapsed][0m[0m
[0m[1mazurerm_key_vault.platform: Still creating... [00m10s elapsed][0m[0m
[0m[1mazurerm_container_registry.platform: Still creating... [00m10s elapsed][0m[0m
[0m[1mazurerm_private_dns_zone.key_vault: Still creating... [00m10s elapsed][0m[0m
[0m[1mazurerm_virtual_network.spoke: Still creating... [00m10s elapsed][0m[0m
[0m[1mazurerm_log_analytics_workspace.platform: Still creating... [00m10s elapsed][0m[0m
[0m[1mazurerm_virtual_network.hub: Still creating... [00m10s elapsed][0m[0m
[0m[1mazurerm_user_assigned_identity.workload: Still creating... [00m20s elapsed][0m[0m
[0m[1mazurerm_network_security_group.aks: Still creating... [00m20s elapsed][0m[0m
[0m[1mazurerm_key_vault.platform: Still creating... [00m20s elapsed][0m[0m
[0m[1mazurerm_private_dns_zone.key_vault: Still creating... [00m20s elapsed][0m[0m
[0m[1mazurerm_container_registry.platform: Still creating... [00m20s elapsed][0m[0m
[0m[1mazurerm_virtual_network.spoke: Still creating... [00m20s elapsed][0m[0m
[0m[1mazurerm_log_analytics_workspace.platform: Still creating... [00m20s elapsed][0m[0m
[0m[1mazurerm_virtual_network.hub: Still creating... [00m20s elapsed][0m[0m
[0m[1mazurerm_user_assigned_identity.workload: Creation complete after 24s [id=/subscriptions/007f1043-7645-4c1a-8207-a8aab5859b41/resourceGroups/acg-validation-workload-rg/providers/Microsoft.ManagedIdentity/userAssignedIdentities/acg-validation-workload-mi][0m
[0m[1mazurerm_network_security_group.aks: Still creating... [00m30s elapsed][0m[0m
[0m[1mazurerm_key_vault.platform: Still creating... [00m30s elapsed][0m[0m
[0m[1mazurerm_container_registry.platform: Still creating... [00m30s elapsed][0m[0m
[0m[1mazurerm_private_dns_zone.key_vault: Still creating... [00m30s elapsed][0m[0m
[0m[1mazurerm_virtual_network.spoke: Still creating... [00m30s elapsed][0m[0m
[0m[1mazurerm_log_analytics_workspace.platform: Still creating... [00m30s elapsed][0m[0m
[0m[1mazurerm_network_security_group.aks: Creation complete after 30s [id=/subscriptions/007f1043-7645-4c1a-8207-a8aab5859b41/resourceGroups/acg-validation-workload-rg/providers/Microsoft.Network/networkSecurityGroups/acg-validation-aks-nsg][0m
[0m[1mazurerm_virtual_network.hub: Still creating... [00m30s elapsed][0m[0m
[0m[1mazurerm_virtual_network.spoke: Creation complete after 31s [id=/subscriptions/007f1043-7645-4c1a-8207-a8aab5859b41/resourceGroups/acg-validation-workload-rg/providers/Microsoft.Network/virtualNetworks/acg-validation-spoke-vnet][0m
[0m[1mazurerm_subnet.aks: Creating...[0m[0m
[0m[1mazurerm_subnet.private_endpoints: Creating...[0m[0m
[0m[1mazurerm_virtual_network.hub: Creation complete after 32s [id=/subscriptions/007f1043-7645-4c1a-8207-a8aab5859b41/resourceGroups/acg-validation-hub-rg/providers/Microsoft.Network/virtualNetworks/acg-validation-hub-vnet][0m
[0m[1mazurerm_virtual_network_peering.hub_to_spoke: Creating...[0m[0m
[0m[1mazurerm_virtual_network_peering.spoke_to_hub: Creating...[0m[0m
[0m[1mazurerm_key_vault.platform: Still creating... [00m40s elapsed][0m[0m
[0m[1mazurerm_private_dns_zone.key_vault: Still creating... [00m40s elapsed][0m[0m
[0m[1mazurerm_container_registry.platform: Still creating... [00m40s elapsed][0m[0m
[0m[1mazurerm_log_analytics_workspace.platform: Still creating... [00m40s elapsed][0m[0m
[0m[1mazurerm_subnet.private_endpoints: Still creating... [00m10s elapsed][0m[0m
[0m[1mazurerm_subnet.aks: Still creating... [00m10s elapsed][0m[0m
[0m[1mazurerm_virtual_network_peering.hub_to_spoke: Still creating... [00m10s elapsed][0m[0m
[0m[1mazurerm_virtual_network_peering.spoke_to_hub: Still creating... [00m10s elapsed][0m[0m
[0m[1mazurerm_container_registry.platform: Creation complete after 44s [id=/subscriptions/007f1043-7645-4c1a-8207-a8aab5859b41/resourceGroups/acg-validation-workload-rg/providers/Microsoft.ContainerRegistry/registries/acgvalidationz9t8xsacr][0m
[0m[1mazurerm_key_vault.platform: Creation complete after 49s [id=/subscriptions/007f1043-7645-4c1a-8207-a8aab5859b41/resourceGroups/acg-validation-workload-rg/providers/Microsoft.KeyVault/vaults/acgvalidationz9t8xs][0m
[0m[1mazurerm_role_assignment.workload_key_vault: Creating...[0m[0m
[0m[1mazurerm_log_analytics_workspace.platform: Still creating... [00m50s elapsed][0m[0m
[0m[1mazurerm_private_dns_zone.key_vault: Still creating... [00m50s elapsed][0m[0m
[0m[1mazurerm_subnet.private_endpoints: Still creating... [00m20s elapsed][0m[0m
[0m[1mazurerm_subnet.aks: Still creating... [00m20s elapsed][0m[0m
[0m[1mazurerm_virtual_network_peering.hub_to_spoke: Still creating... [00m20s elapsed][0m[0m
[0m[1mazurerm_virtual_network_peering.spoke_to_hub: Still creating... [00m20s elapsed][0m[0m
[0m[1mazurerm_private_dns_zone.key_vault: Creation complete after 55s [id=/subscriptions/007f1043-7645-4c1a-8207-a8aab5859b41/resourceGroups/acg-validation-workload-rg/providers/Microsoft.Network/privateDnsZones/privatelink.vaultcore.azure.net][0m
[0m[1mazurerm_private_dns_zone_virtual_network_link.key_vault: Creating...[0m[0m
[0m[1mazurerm_subnet.private_endpoints: Creation complete after 27s [id=/subscriptions/007f1043-7645-4c1a-8207-a8aab5859b41/resourceGroups/acg-validation-workload-rg/providers/Microsoft.Network/virtualNetworks/acg-validation-spoke-vnet/subnets/snet-private-endpoints][0m
[0m[1mazurerm_private_endpoint.key_vault: Creating...[0m[0m
[0m[1mazurerm_role_assignment.workload_key_vault: Still creating... [00m10s elapsed][0m[0m
[0m[1mazurerm_log_analytics_workspace.platform: Still creating... [01m00s elapsed][0m[0m
[0m[1mazurerm_subnet.aks: Still creating... [00m30s elapsed][0m[0m
[0m[1mazurerm_virtual_network_peering.hub_to_spoke: Still creating... [00m30s elapsed][0m[0m
[0m[1mazurerm_virtual_network_peering.spoke_to_hub: Still creating... [00m30s elapsed][0m[0m
[0m[1mazurerm_private_dns_zone_virtual_network_link.key_vault: Still creating... [00m10s elapsed][0m[0m
[0m[1mazurerm_private_endpoint.key_vault: Still creating... [00m10s elapsed][0m[0m
[0m[1mazurerm_role_assignment.workload_key_vault: Still creating... [00m20s elapsed][0m[0m
[0m[1mazurerm_log_analytics_workspace.platform: Still creating... [01m10s elapsed][0m[0m
[0m[1mazurerm_subnet.aks: Still creating... [00m40s elapsed][0m[0m
[0m[1mazurerm_virtual_network_peering.spoke_to_hub: Still creating... [00m40s elapsed][0m[0m
[0m[1mazurerm_virtual_network_peering.hub_to_spoke: Still creating... [00m40s elapsed][0m[0m
[0m[1mazurerm_virtual_network_peering.spoke_to_hub: Creation complete after 40s [id=/subscriptions/007f1043-7645-4c1a-8207-a8aab5859b41/resourceGroups/acg-validation-workload-rg/providers/Microsoft.Network/virtualNetworks/acg-validation-spoke-vnet/virtualNetworkPeerings/spoke-to-hub][0m
[0m[1mazurerm_subnet.aks: Creation complete after 43s [id=/subscriptions/007f1043-7645-4c1a-8207-a8aab5859b41/resourceGroups/acg-validation-workload-rg/providers/Microsoft.Network/virtualNetworks/acg-validation-spoke-vnet/subnets/snet-aks][0m
[0m[1mazurerm_subnet_network_security_group_association.aks: Creating...[0m[0m
[0m[1mazurerm_private_dns_zone_virtual_network_link.key_vault: Still creating... [00m20s elapsed][0m[0m
[0m[1mazurerm_private_endpoint.key_vault: Still creating... [00m20s elapsed][0m[0m
[0m[1mazurerm_role_assignment.workload_key_vault: Still creating... [00m30s elapsed][0m[0m
[0m[1mazurerm_log_analytics_workspace.platform: Still creating... [01m20s elapsed][0m[0m
[0m[1mazurerm_virtual_network_peering.hub_to_spoke: Still creating... [00m50s elapsed][0m[0m
[0m[1mazurerm_subnet_network_security_group_association.aks: Still creating... [00m10s elapsed][0m[0m
[0m[1mazurerm_private_dns_zone_virtual_network_link.key_vault: Still creating... [00m30s elapsed][0m[0m
[0m[1mazurerm_private_endpoint.key_vault: Still creating... [00m30s elapsed][0m[0m
[0m[1mazurerm_role_assignment.workload_key_vault: Still creating... [00m40s elapsed][0m[0m
[0m[1mazurerm_log_analytics_workspace.platform: Still creating... [01m30s elapsed][0m[0m
[0m[1mazurerm_subnet_network_security_group_association.aks: Creation complete after 17s [id=/subscriptions/007f1043-7645-4c1a-8207-a8aab5859b41/resourceGroups/acg-validation-workload-rg/providers/Microsoft.Network/virtualNetworks/acg-validation-spoke-vnet/subnets/snet-aks][0m
[0m[1mazurerm_virtual_network_peering.hub_to_spoke: Still creating... [01m00s elapsed][0m[0m
